// Jest Snapshot v1, https://goo.gl/fbAQLP

exports[`<HeaderLink /> Should render and match the snapshot 1`] = `
<a
  aria-current="page"
  class="HeaderLink-sc-16cp3q6-0 bczvcN active"
  href="/"
/>
`;
