// Jest Snapshot v1, https://goo.gl/fbAQLP

exports[`<Navbar /> Should render and match the snapshot 1`] = `
<div
  class="Nav-x8yy12-0 byJLoV"
>
  <a
    class="HomeLink-sc-19918yo-0 glzkdw"
    href="/"
    theme="[object Object]"
  >
    <span>
      String Central
    </span>
  </a>
  <a
    class="HeaderLink-sc-16cp3q6-0 clJWfa"
    href="/all-strings"
    theme="[object Object]"
  >
    <span>
      View All Strings
    </span>
  </a>
  <a
    class="HeaderLink-sc-16cp3q6-0 clJWfa"
    href="/all-strings/new"
    theme="[object Object]"
  >
    <span>
      Add New String
    </span>
  </a>
  <div>
    <select
      class="Toggle-oqiqhq-0 jVmmhU"
    >
      <option
        id="light"
        value="light"
      >
        light
      </option>
      <option
        id="dark"
        value="dark"
      >
        dark
      </option>
    </select>
  </div>
</div>
`;
