// Jest Snapshot v1, https://goo.gl/fbAQLP

exports[`<Nav /> Should render and match the snapshot 1`] = `
<div
  class="Nav-x8yy12-0 byJLoV"
/>
`;
