// Jest Snapshot v1, https://goo.gl/fbAQLP

exports[`<Toggle /> Should render and match the snapshot 1`] = `
<select
  class="Toggle-oqiqhq-0 efLWtL"
/>
`;
