// Jest Snapshot v1, https://goo.gl/fbAQLP

exports[`<BorderLink /> Should render and match the snapshot 1`] = `
<a
  class="BorderLink-sc-1brm82f-0 hASwHg"
  href="/"
/>
`;
