// Jest Snapshot v1, https://goo.gl/fbAQLP

exports[`<ContentContainer /> Should render and match the snapshot 1`] = `
<div
  class="ContentContainer-sc-18efx5u-0 lpiSfa"
/>
`;
