// Jest Snapshot v1, https://goo.gl/fbAQLP

exports[`<NotFoundPage /> should render and match the snapshot 1`] = `
<h1>
  <span>
    Sorry, that page doesn't exist!
  </span>
</h1>
`;
