// Jest Snapshot v1, https://goo.gl/fbAQLP

exports[`<ListItem /> Should render and match the snapshot 1`] = `
<div
  class="ListItem-x9ujib-0 bVaCkQ"
/>
`;
