// Jest Snapshot v1, https://goo.gl/fbAQLP

exports[`<Form /> Should render and match the snapshot 1`] = `
<form
  class="Form__Toggle-sc-3k7ol5-0 hetqVK"
/>
`;
