// Jest Snapshot v1, https://goo.gl/fbAQLP

exports[`<InputRow /> Should render and match the snapshot 1`] = `
<div
  class="InputRow-sc-18vvyvg-0 fQSdff"
/>
`;
