// Jest Snapshot v1, https://goo.gl/fbAQLP

exports[`<TextInput /> Should render and match the snapshot 1`] = `
<input
  class="TextInput-f28vzp-0 aRolk"
/>
`;
